---
source: parsa_python/tests/test_grammar.rs
expression: tree_to_string(tree)
---
file: 0-105
 stmt: 1-7
  simple_stmts: 1-7
   simple_stmt: 1-6
    assignment: 1-6
     star_targets: 1-2
      name_def: 1-2
       Name: 1-2 "a"
     Keyword: 3-4 "="
     star_expressions: 5-6
      expression: 5-6
       atom: 5-6
        Number: 5-6 "1"
   Newline: 6-7 "\n"
 stmt: 7-16
  simple_stmts: 7-16
   simple_stmt: 7-15
    assignment: 7-15
     star_targets: 7-11
      name_def: 7-8
       Name: 7-8 "a"
      Keyword: 8-9 ","
      name_def: 10-11
       Name: 10-11 "b"
     Keyword: 12-13 "="
     star_expressions: 14-15
      expression: 14-15
       atom: 14-15
        Number: 14-15 "2"
   Newline: 15-16 "\n"
 stmt: 16-26
  simple_stmts: 16-26
   simple_stmt: 16-25
    assignment: 16-25
     star_targets: 16-21
      name_def: 16-17
       Name: 16-17 "a"
      Keyword: 17-18 ","
      name_def: 19-20
       Name: 19-20 "b"
      Keyword: 20-21 ","
     Keyword: 22-23 "="
     star_expressions: 24-25
      expression: 24-25
       atom: 24-25
        Number: 24-25 "2"
   Newline: 25-26 "\n"
 stmt: 26-37
  simple_stmts: 26-37
   simple_stmt: 26-36
    assignment: 26-36
     star_targets: 26-32
      star_target_brackets: 26-32
       Keyword: 26-27 "("
       star_targets: 27-31
        name_def: 27-28
         Name: 27-28 "a"
        Keyword: 28-29 ","
        name_def: 30-31
         Name: 30-31 "b"
       Keyword: 31-32 ")"
     Keyword: 33-34 "="
     star_expressions: 35-36
      expression: 35-36
       atom: 35-36
        Number: 35-36 "2"
   Newline: 36-37 "\n"
 stmt: 37-50
  simple_stmts: 37-50
   simple_stmt: 37-49
    assignment: 37-49
     star_targets: 37-45
      star_target_brackets: 37-45
       Keyword: 37-38 "("
       star_targets: 38-44
        star_target_brackets: 38-44
         Keyword: 38-39 "("
         star_targets: 39-43
          name_def: 39-40
           Name: 39-40 "a"
          Keyword: 40-41 ","
          name_def: 42-43
           Name: 42-43 "b"
         Keyword: 43-44 ")"
       Keyword: 44-45 ")"
     Keyword: 46-47 "="
     star_expressions: 48-49
      expression: 48-49
       atom: 48-49
        Number: 48-49 "2"
   Newline: 49-50 "\n"
 stmt: 50-60
  simple_stmts: 50-60
   simple_stmt: 50-59
    assignment: 50-59
     star_targets: 50-51
      name_def: 50-51
       Name: 50-51 "a"
     Keyword: 52-53 "="
     star_targets: 54-55
      name_def: 54-55
       Name: 54-55 "b"
     Keyword: 56-57 "="
     star_expressions: 58-59
      expression: 58-59
       atom: 58-59
        Number: 58-59 "3"
   Newline: 59-60 "\n"
 stmt: 60-75
  simple_stmts: 60-75
   simple_stmt: 60-74
    assignment: 60-74
     star_targets: 60-61
      name_def: 60-61
       Name: 60-61 "a"
     Keyword: 62-63 "="
     star_targets: 64-70
      star_target_brackets: 64-70
       Keyword: 64-65 "("
       star_targets: 65-69
        name_def: 65-66
         Name: 65-66 "b"
        Keyword: 66-67 ","
        name_def: 68-69
         Name: 68-69 "c"
       Keyword: 69-70 ")"
     Keyword: 71-72 "="
     star_expressions: 73-74
      expression: 73-74
       atom: 73-74
        Number: 73-74 "3"
   Newline: 74-75 "\n"
 stmt: 75-91
  simple_stmts: 75-91
   simple_stmt: 75-90
    assignment: 75-90
     star_targets: 75-76
      name_def: 75-76
       Name: 75-76 "a"
     Keyword: 77-78 "="
     star_targets: 79-86
      star_target_brackets: 79-86
       Keyword: 79-80 "("
       star_targets: 80-85
        name_def: 80-81
         Name: 80-81 "b"
        Keyword: 81-82 ","
        name_def: 83-84
         Name: 83-84 "c"
        Keyword: 84-85 ","
       Keyword: 85-86 ")"
     Keyword: 87-88 "="
     star_expressions: 89-90
      expression: 89-90
       atom: 89-90
        Number: 89-90 "3"
   Newline: 90-91 "\n"
 stmt: 91-105
  simple_stmts: 91-105
   simple_stmt: 91-104
    assignment: 91-104
     star_targets: 91-92
      name_def: 91-92
       Name: 91-92 "a"
     Keyword: 93-94 "="
     star_targets: 95-100
      name_def: 95-96
       Name: 95-96 "b"
      Keyword: 96-97 ","
      name_def: 98-99
       Name: 98-99 "c"
      Keyword: 99-100 ","
     Keyword: 101-102 "="
     star_expressions: 103-104
      expression: 103-104
       atom: 103-104
        Number: 103-104 "3"
   Newline: 104-105 "\n"
 Endmarker: 105-105 ""

