---
source: parsa_python/tests/test_grammar.rs
expression: tree_to_string(tree)
---
file: 0-36
 stmt: 1-19
  simple_stmts: 1-19
   simple_stmt: 1-17
    expr_stmt: 1-17
     testlist_star_expr: 1-17
      test: 1-17
       bitwise_or: 1-17
        await_primary: 1-17
         Name: 1-2 "a"
         trailer: 2-17
          Keyword: 2-3 "("
          arglist: 3-16
           argument: 3-8
            Name: 3-6 "foo"
            Keyword: 6-7 "="
            test: 7-8
             bitwise_or: 7-8
              Number: 7-8 "1"
           Keyword: 8-9 ","
           argument: 10-16
            test: 10-13
             bitwise_or: 10-13
              Name: 10-13 "bar"
            Keyword: 13-15 ":="
            test: 15-16
             bitwise_or: 15-16
              Number: 15-16 "1"
          Keyword: 16-17 ")"
   Keyword: 17-18 ";"
   Newline: 18-19 "\n"
 stmt: 19-36
  compound_stmt: 19-36
   if_stmt: 19-36
    Keyword: 19-21 "if"
    namedexpr_test: 22-23
     test: 22-23
      bitwise_or: 22-23
       Name: 22-23 "a"
    Keyword: 23-24 ":"
    suite: 24-28
     Newline: 24-25 "\n"
     Indent: 26-26 ""
     stmt: 26-28
      simple_stmts: 26-28
       simple_stmt: 26-27
        expr_stmt: 26-27
         testlist_star_expr: 26-27
          test: 26-27
           bitwise_or: 26-27
            Number: 26-27 "1"
       Newline: 27-28 "\n"
     Dedent: 28-28 ""
    Keyword: 28-32 "else"
    Keyword: 32-33 ":"
    suite: 34-36
     simple_stmts: 34-36
      simple_stmt: 34-35
       expr_stmt: 34-35
        testlist_star_expr: 34-35
         test: 34-35
          bitwise_or: 34-35
           Number: 34-35 "2"
      Newline: 35-36 "\n"
 Endmarker: 36-36 ""

