---
source: parsa_python/tests/test_grammar.rs
expression: tree_to_string(tree)
---
file: 0-9
 stmt: 0-9
  simple_stmts: 0-9
   simple_stmt: 0-8
    star_expressions: 0-8
     expression: 0-8
      atom: 0-8
       Keyword: 0-1 "{"
       dict_content: 1-7
        dict_key_value: 1-7
         expression: 1-4
          atom: 1-4
           Name: 1-4 "foo"
         Keyword: 4-5 ":"
         expression: 6-7
          atom: 6-7
           Number: 6-7 "1"
       Keyword: 7-8 "}"
   Newline: 8-9 "\n"
 Endmarker: 9-9 ""

