---
source: parsa_python/tests/test_grammar.rs
expression: tree_to_string(tree)
---
file: 0-66
 stmt: 1-13
  simple_stmts: 1-13
   simple_stmt: 1-12
    star_expressions: 1-12
     expression: 1-12
      lambda: 1-12
       Keyword: 1-7 "lambda"
       Keyword: 7-8 ":"
       expression: 9-12
        atom: 9-12
         Keyword: 9-12 "..."
   Newline: 12-13 "\n"
 stmt: 13-27
  simple_stmts: 13-27
   simple_stmt: 13-26
    star_expressions: 13-26
     expression: 13-26
      lambda: 13-26
       Keyword: 13-19 "lambda"
       lambda_parameters: 20-21
        lambda_param_no_default: 20-21
         name_def: 20-21
          Name: 20-21 "a"
       Keyword: 21-22 ":"
       expression: 23-26
        atom: 23-26
         Keyword: 23-26 "..."
   Newline: 26-27 "\n"
 stmt: 27-45
  simple_stmts: 27-45
   simple_stmt: 27-44
    star_expressions: 27-44
     expression: 27-44
      lambda: 27-44
       Keyword: 27-33 "lambda"
       lambda_parameters: 34-39
        lambda_param_no_default: 34-35
         name_def: 34-35
          Name: 34-35 "a"
        Keyword: 35-36 ","
        lambda_param_no_default: 37-38
         name_def: 37-38
          Name: 37-38 "b"
        Keyword: 38-39 ","
       Keyword: 39-40 ":"
       expression: 41-44
        atom: 41-44
         Keyword: 41-44 "..."
   Newline: 44-45 "\n"
 stmt: 45-66
  simple_stmts: 45-66
   simple_stmt: 45-65
    star_expressions: 45-65
     expression: 45-65
      lambda: 45-65
       Keyword: 45-51 "lambda"
       lambda_parameters: 52-60
        lambda_param_with_default: 52-55
         name_def: 52-53
          Name: 52-53 "a"
         Keyword: 53-54 "="
         expression: 54-55
          atom: 54-55
           Number: 54-55 "3"
        Keyword: 55-56 ","
        lambda_param_with_default: 57-60
         name_def: 57-58
          Name: 57-58 "b"
         Keyword: 58-59 "="
         expression: 59-60
          atom: 59-60
           Number: 59-60 "4"
       Keyword: 60-61 ":"
       expression: 62-65
        atom: 62-65
         Keyword: 62-65 "..."
   Newline: 65-66 "\n"
 Endmarker: 66-66 ""

