---
source: crates/parsa_python/tests/test_grammar.rs
assertion_line: 43
expression: tree_to_string(tree)
snapshot_kind: text
---
file: 0-6
 Error(stmt): 0-5
  Error(simple_stmts): 0-5
   Error(simple_stmt): 0-5
    Error(star_expressions): 0-5
     Error(expression): 0-5
      Error(ternary): 0-5
       Error(disjunction): 0-5
        Error(conjunction): 0-5
         Error(inversion): 0-5
          Error(comparison): 0-5
           Error(bitwise_or): 0-5
            Error(bitwise_xor): 0-5
             Error(bitwise_and): 0-5
              Error(shift_expr): 0-5
               Error(sum): 0-5
                Error(term): 0-5
                 Error(factor): 0-5
                  Error(power): 0-5
                   Error(await_primary): 0-5
                    Error(primary): 0-5
                     primary: 0-4
                      atom: 0-1
                       Name: 0-1 "f"
                      Keyword: 1-2 "("
                      arguments: 2-3
                       named_expression: 2-3
                        expression: 2-3
                         atom: 2-3
                          Number: 2-3 "3"
                      Keyword: 3-4 ")"
                     Keyword: 4-5 "."
 stmt: 5-6
  Newline: 5-6 "\n"
 Endmarker: 6-6 ""
