---
source: crates/parsa_python/tests/test_grammar.rs
assertion_line: 43
expression: tree_to_string(tree)
snapshot_kind: text
---
file: 0-36
 Error(stmt): 1-29
  Error(match_stmt): 1-29
   Keyword: 1-6 "match"
   subject_expr: 7-10
    named_expression: 7-10
     expression: 7-10
      atom: 7-10
       Name: 7-10 "foo"
   Keyword: 10-11 ":"
   Newline: 11-12 "\n"
   Indent: 16-16 ""
   Error(case_block): 16-29
    Keyword: 16-20 "case"
    Error(open_sequence_pattern): 21-29
     Error(pattern): 21-29
      name_def: 21-24
       Name: 21-24 "bar"
      Keyword: 25-27 "as"
      Error(pattern_capture_target): 28-29
       Keyword: 28-29 "_"
 Error(stmt): 29-30
  Error(Keyword): 29-30 ":"
 stmt: 31-36
  simple_stmts: 31-36
   simple_stmt: 31-35
    pass_stmt: 31-35
     Keyword: 31-35 "pass"
   Newline: 35-36 "\n"
 Error(stmt): 36-36
  Error(Dedent): 36-36 ""
 Endmarker: 36-36 ""
