---
source: parsa_python/tests/test_grammar.rs
expression: tree_to_string(tree)
---
file: 0-106
 stmt: 1-16
  function_def: 1-16
   Keyword: 1-4 "def"
   name_def: 5-8
    Name: 5-8 "foo"
   function_def_parameters: 8-10
    Keyword: 8-9 "("
    Keyword: 9-10 ")"
   Keyword: 10-11 ":"
   block: 12-16
    simple_stmts: 12-16
     simple_stmt: 12-15
      star_expressions: 12-15
       expression: 12-15
        atom: 12-15
         Keyword: 12-15 "..."
     Newline: 15-16 "\n"
 stmt: 16-35
  function_def: 16-35
   Keyword: 16-19 "def"
   name_def: 20-23
    Name: 20-23 "foo"
   function_def_parameters: 23-29
    Keyword: 23-24 "("
    parameters: 24-28
     param_no_default: 24-28
      name_def: 24-25
       Name: 24-25 "a"
      annotation: 25-28
       Keyword: 25-26 ":"
       expression: 27-28
        atom: 27-28
         Number: 27-28 "3"
    Keyword: 28-29 ")"
   Keyword: 29-30 ":"
   block: 31-35
    simple_stmts: 31-35
     simple_stmt: 31-34
      star_expressions: 31-34
       expression: 31-34
        atom: 31-34
         Keyword: 31-34 "..."
     Newline: 34-35 "\n"
 stmt: 35-55
  function_def: 35-55
   Keyword: 35-38 "def"
   name_def: 39-42
    Name: 39-42 "foo"
   function_def_parameters: 42-49
    Keyword: 42-43 "("
    parameters: 43-48
     param_no_default: 43-44
      name_def: 43-44
       Name: 43-44 "a"
     Keyword: 44-45 ","
     param_no_default: 46-47
      name_def: 46-47
       Name: 46-47 "b"
     Keyword: 47-48 ","
    Keyword: 48-49 ")"
   Keyword: 49-50 ":"
   block: 51-55
    simple_stmts: 51-55
     simple_stmt: 51-54
      star_expressions: 51-54
       expression: 51-54
        atom: 51-54
         Keyword: 51-54 "..."
     Newline: 54-55 "\n"
 stmt: 55-83
  function_def: 55-83
   Keyword: 55-58 "def"
   name_def: 59-62
    Name: 59-62 "foo"
   function_def_parameters: 62-77
    Keyword: 62-63 "("
    parameters: 63-76
     param_with_default: 63-71
      name_def: 63-64
       Name: 63-64 "a"
      annotation: 64-67
       Keyword: 64-65 ":"
       expression: 66-67
        atom: 66-67
         Name: 66-67 "f"
      Keyword: 68-69 "="
      expression: 70-71
       atom: 70-71
        Number: 70-71 "3"
     Keyword: 71-72 ","
     param_with_default: 73-76
      name_def: 73-74
       Name: 73-74 "b"
      Keyword: 74-75 "="
      expression: 75-76
       atom: 75-76
        Number: 75-76 "4"
    Keyword: 76-77 ")"
   Keyword: 77-78 ":"
   block: 79-83
    simple_stmts: 79-83
     simple_stmt: 79-82
      star_expressions: 79-82
       expression: 79-82
        atom: 79-82
         Keyword: 79-82 "..."
     Newline: 82-83 "\n"
 stmt: 83-106
  function_def: 83-106
   Keyword: 83-86 "def"
   name_def: 87-90
    Name: 87-90 "foo"
   function_def_parameters: 90-100
    Keyword: 90-91 "("
    parameters: 91-99
     param_with_default: 91-94
      name_def: 91-92
       Name: 91-92 "a"
      Keyword: 92-93 "="
      expression: 93-94
       atom: 93-94
        Number: 93-94 "3"
     Keyword: 94-95 ","
     param_with_default: 96-99
      name_def: 96-97
       Name: 96-97 "b"
      Keyword: 97-98 "="
      expression: 98-99
       atom: 98-99
        Number: 98-99 "4"
    Keyword: 99-100 ")"
   Keyword: 100-101 ":"
   block: 102-106
    simple_stmts: 102-106
     simple_stmt: 102-105
      star_expressions: 102-105
       expression: 102-105
        atom: 102-105
         Keyword: 102-105 "..."
     Newline: 105-106 "\n"
 Endmarker: 106-106 ""

