---
source: crates/parsa_python/tests/test_grammar.rs
assertion_line: 41
expression: tree_to_string(tree)
---
file: 0-30
 Error(stmt): 1-14
  Error(simple_stmts): 1-14
   Error(simple_stmt): 1-14
    Error(star_expressions): 1-14
     Error(expression): 1-14
      Error(ternary): 1-14
       Error(disjunction): 1-14
        Error(conjunction): 1-14
         Error(inversion): 1-14
          Error(comparison): 1-14
           Error(bitwise_or): 1-14
            Error(bitwise_xor): 1-14
             Error(bitwise_and): 1-14
              Error(shift_expr): 1-14
               Error(sum): 1-14
                Error(term): 1-14
                 Error(factor): 1-14
                  Error(power): 1-14
                   Error(await_primary): 1-14
                    Error(primary): 1-14
                     atom: 1-4
                      Name: 1-4 "foo"
                     Keyword: 4-5 "("
                     Error(arguments): 5-14
                      named_expression: 5-6
                       expression: 5-6
                        atom: 5-6
                         Name: 5-6 "x"
                      Keyword: 6-7 ","
                      Error(kwargs): 8-14
                       kwarg: 8-11
                        Name: 8-9 "y"
                        Keyword: 9-10 "="
                        expression: 10-11
                         atom: 10-11
                          Number: 10-11 "1"
                       Keyword: 11-12 ","
                       Error(kwarg): 13-14
                        Name: 13-14 "z"
 Error(stmt): 14-15
  Error(Keyword): 14-15 ")"
 stmt: 15-16
  Newline: 15-16 "\n"
 Error(stmt): 16-29
  Error(simple_stmts): 16-29
   Error(simple_stmt): 16-29
    Error(star_expressions): 16-29
     Error(expression): 16-29
      Error(ternary): 16-29
       Error(disjunction): 16-29
        Error(conjunction): 16-29
         Error(inversion): 16-29
          Error(comparison): 16-29
           Error(bitwise_or): 16-29
            Error(bitwise_xor): 16-29
             Error(bitwise_and): 16-29
              Error(shift_expr): 16-29
               Error(sum): 16-29
                Error(term): 16-29
                 Error(factor): 16-29
                  Error(power): 16-29
                   Error(await_primary): 16-29
                    Error(primary): 16-29
                     atom: 16-19
                      Name: 16-19 "foo"
                     Keyword: 19-20 "("
                     Error(arguments): 20-29
                      named_expression: 20-21
                       expression: 20-21
                        atom: 20-21
                         Name: 20-21 "x"
                      Keyword: 21-22 ","
                      Error(kwargs): 23-29
                       kwarg: 23-26
                        Name: 23-24 "y"
                        Keyword: 24-25 "="
                        expression: 25-26
                         atom: 25-26
                          Number: 25-26 "1"
                       Keyword: 26-27 ","
                       Error(kwarg): 28-29
                        Name: 28-29 "z"
 Endmarker: 30-30 ""
